<!DOCTYPE html>
<body>
    <h1>Assignment forgotten?</h1>
    <h2>What happened?</h2>
    <p>
        You have forgotten an Assignment "=".
    </p>
    <h2>Troubleshooting</h2>
    <p>
        The compiler cannot parse the code, because he is expecting an assignment.<br/>
        Please look on the reported line and the code above.
    </p>
</body>
