<!DOCTYPE html>
<body>
    <h1>Identifier forgotten?</h1>
    <h2>What happened?</h2>
    <p>
        You have forgotten an identifier.<br/>
        A identifier is the name of a variable.
    </p>
    <h2>Troubleshooting</h2>
    <p>
        The compiler cannot parse the code, because he is expecting an identifier.<br/>
        Please look on the reported line and the code above.
    </p>
</body>
