<!DOCTYPE html>
<body>
    <h1>Unexpected Symbol</h1>
    <h2>What happened?</h2>
    <p>
        You have placed a symbol inside the sourcecode, which is not expected at this position.
    </p>
    <h3>Example</h3>
    <p id="code">
        <strong class="key">void</strong> foo<strong class="error">;</strong>{}<br>
    </p>
    <h2>Troubleshooting</h2>
    <p>
        The compiler cannot parse the code, because he found an unexpected token. <br/>
        Please look on the reported line and the code above, and watch for symbols which shouldn't occour there.
    </p>
</body>
