<!DOCTYPE html>
<body>
	<h1> Zuweisung vergessen? </h1>
	<h2> Was ist passiert? </h2>
	<p>
		Du hast eine Zuweisung "=" vergessen.
	</p>
	<h2> Fehlersuche </h2>
	<p>
		Der Compiler kann den Code nicht richtig verarbeiten, da er eine Zuweisung erwartet. <br/>
		Schaue dir die gemeldete Stelle und den Code darÃ¼ber an.
	</p>
</body>
