<!DOCTYPE html>
<body>
	<h1> Variablenbezeicher vergessen? </h1>
	<h2> Was ist passiert? </h2>
	<p>
		Du hast einen Variablenbezeicher vergessen. </br>
		Ein Variablenbezeicher bezeichnet den Namen einer Variable.
	</p>
	<h2> Fehlersuche </h2>
	<p>
		Der Compiler kann den Code nicht richtig verarbeiten, da er einen Variablenbezeicher erwartet. <br/>
		Schaue dir die gemeldete Stelle und den Code darÃ¼ber an.
	</p>
</body>
