<!DOCTYPE html>
<body>
	<h1> schlie&szlig;ende geschwungene Klammer vergessen? </h1>
	<h2> Was ist passiert? </h2>
	<p>
		Du hast eine schlie&szlig;ende geschwungene Klammer "}" vergessen.
	</p>
	<h2> Fehlersuche </h2>
	<p>
		Der Compiler kann den Code nicht richtig verarbeiten, da er eine schlie&szlig;ende geschwungene Klammer erwartet. <br/>
		Dieser Fehler tritt auch auf wenn auf einen Array Index ohne Variable zugegriffen wird.</br>
		Schaue dir die gemeldete Stelle und den Code dar&uuml;ber an.
	</p>
</body>
