<!DOCTYPE html>
<body>
	<h1> schließende Klammer vergessen? </h1>
	<h2> Was ist passiert? </h2>
	<p>
		Du hast eine schließende Klammer ")" vergessen.
	</p>
	<h2> Fehlersuche </h2>
	<p>
		Der Compiler kann den Code nicht richtig verarbeiten, da er eine schließende Klammer erwartet. <br/>
		Schaue dir die gemeldete Stelle und den Code darüber an.
	</p>
</body>
