<!DOCTYPE html>
<body>
	<h1> schlie&szlig;ende eckige Klammer vergessen? </h1>
	<h2> Was ist passiert? </h2>
	<p>
		Du hast eine schlie&szlig;ende eckige Klammer "]" vergessen.
	</p>
	<h2> Fehlersuche </h2>
	<p>
		Der Compiler kann den Code nicht richtig verarbeiten, da er eine schlie&szlig;ende eckige Klammer erwartet. <br/>
		Schaue dir die gemeldete Stelle und den Code dar&uuml;ber an.
	</p>
</body>
