<!DOCTYPE html>
<body>
	<h1> Unerwartetes Symbol </h1>
	<h2> Was ist passiert? </h2>
	<p>
		Du hast ein Symbol im Quellcode plaziert welches an dieser Stelle nicht zugeordnet werden kann.
	</p>
	<h3>Beispiel</h3>
	<p id="code">
		<strong class="key">void</strong> foo<strong class="error">;</strong>{}<br>
	</p>
	<h2> Fehlersuche </h2>
	<p>
		Der Compiler kann den Code nicht richtig verarbeiten, da er dieses Symbol nicht erwartet. <br/>
		Schaue dir die gemeldete Stelle und den Code dar&uuml;ber an, und achte besonders auf Zeichen die eigentlich nicht vorkommen sollten.
	</p>
</body>
